
> libao-finance-portfolio-manager-5@0.0.0 test
> vitest run


[1m[46m RUN [49m[22m [36mv4.0.18 [39m[90mC:/Users/user/Desktop/python/TEST/Libao-Finance-Portfolio-Manager-main/Libao-Finance-Portfolio-Manager-main[39m

 [31m??[39m test/SmokeTest.test.tsx [2m([22m[2m4 tests[22m[2m | [22m[31m4 failed[39m[2m)[22m[32m 59[2mms[22m[39m
[31m     [31m?[31m renders the main navigation tabs[39m[32m 46[2mms[22m[39m
[31m     [31m?[31m navigates to AI Picks and shows strategy data[39m[32m 3[2mms[22m[39m
[31m     [31m?[31m navigates to Holdings and shows portfolio data[39m[32m 3[2mms[22m[39m
[31m     [31m?[31m navigates to History and shows transactions[39m[32m 3[2mms[22m[39m
node.exe : 
位於 線路:1 字元:1
+ & "C:\Program Files
\nodejs/node.exe" "C:
\Program Files\nodejs
/node_mo ...
+ ~~~~~~~~~~~~~~~~~~~
~~~~~~~~~~~~~~~~~~~~~
~~~~~~~~~~~~~~~~~~~~~
~~~~~~~~
    + CategoryInfo   
           : NotSpe  
  cified: (:String   
 ) [], RemoteExce    
ption
    + FullyQualified 
   ErrorId : Native  
  CommandError
 
[31m?胼?胼?胼??[39m
[1m[41m Failed Tests
 4 [49m[22m[31m?胼
?胼?胼??[39m

[41m[1m FAIL [22m
[49m test/SmokeTest.t
est.tsx[2m > [22mAp
p Smoke Test (Browser
 Simulation)[2m > [
22mrenders the main n
avigation tabs
[41m[1m FAIL [22m
[49m test/SmokeTest.t
est.tsx[2m > [22mAp
p Smoke Test (Browser
 Simulation)[2m > [
22mnavigates to AI Pi
cks and shows strateg
y data
[41m[1m FAIL [22m
[49m test/SmokeTest.t
est.tsx[2m > [22mAp
p Smoke Test (Browser
 Simulation)[2m > [
22mnavigates to Holdi
ngs and shows portfol
io data
[41m[1m FAIL [22m
[49m test/SmokeTest.t
est.tsx[2m > [22mAp
p Smoke Test (Browser
 Simulation)[2m > [
22mnavigates to Histo
ry and shows transact
ions
[31m[1mError[22m: 
useToast must be used
 within a ToastProvid
er[39m
[36m [2m??[22m useT
oast contexts/ToastCo
ntext.tsx:[2m22:11[
22m[39m
    [90m 20| [39m  
[35mconst[39m conte
xt [33m=[39m [34mu
seContext[39m([33mT
oastContext[39m)[33
m;[39m
    [90m 21| [39m  
[35mif[39m ([33m!
[39mcontext) {
    [90m 22| [39m  
  [35mthrow[39m [3
5mnew[39m [33mError
[39m([32m'useToast 
must be used within a
 ToastProvider'[39m)
[33m;[39m
    [90m   | [39m  
        [31m^[39m
    [90m 23| [39m  
}
    [90m 24| [39m  
[35mreturn[39m cont
ext[33m;[39m
[90m [2m??[22m App 
App.tsx:[2m81:25[22
m[39m
[90m [2m??[22m Obje
ct.react_stack_bottom
_frame node_modules/r
eact-dom/cjs/react-do
m-client.development.
js:[2m25904:20[22m
[39m
[90m [2m??[22m rend
erWithHooks node_modu
les/react-dom/cjs/rea
ct-dom-client.develop
ment.js:[2m7662:22[
22m[39m
[90m [2m??[22m upda
teFunctionComponent n
ode_modules/react-dom
/cjs/react-dom-client
.development.js:[2m1
0166:19[22m[39m
[90m [2m??[22m begi
nWork node_modules/re
act-dom/cjs/react-dom
-client.development.j
s:[2m11778:18[22m[
39m
[90m [2m??[22m runW
ithFiberInDEV node_mo
dules/react-dom/cjs/r
eact-dom-client.devel
opment.js:[2m874:13
[22m[39m
[90m [2m??[22m perf
ormUnitOfWork node_mo
dules/react-dom/cjs/r
eact-dom-client.devel
opment.js:[2m17641:2
2[22m[39m
[90m [2m??[22m work
LoopSync node_modules
/react-dom/cjs/react-
dom-client.developmen
t.js:[2m17469:41[22
m[39m
[90m [2m??[22m rend
erRootSync node_modul
es/react-dom/cjs/reac
t-dom-client.developm
ent.js:[2m17450:11[
22m[39m

[31m[2m?胼?胼?胼?胼
?胼?胼?胼?胼?胼?胼?胼
?胼[1/4]??[22m[39m


[2m Test Files [22m [1m[31m1 failed[39m[22m[90m (1)[39m
[2m      Tests [22m [1m[31m4 failed[39m[22m[90m (4)[39m
[2m   Start at [22m 04:20:20
[2m   Duration [22m 5.33s[2m (transform 1.02s, setup 406ms, import 1.55s, tests 59ms, environment 2.87s)[22m

